seed 3000000 done
seed 3000001 done
seed 3000002 done
seed 3000003 done
seed 3000004 done
seed 3000005 done
seed 3000006 done
seed 3000007 done
seed 3000008 done
seed 3000009 done
seed 3000010 done
seed 3000011 done
seed 3000012 done
seed 3000013 done
seed 3000014 done
seed 3000015 done
seed 3000016 done
seed 3000017 done
seed 3000018 done
seed 3000019 done
seed 3000020 done
seed 3000021 done
seed 3000022 done
seed 3000023 done
seed 3000024 done
seed 3000025 done
seed 3000026 done
seed 3000027 done
seed 3000028 done
seed 3000029 done
seed 3000030 done
seed 3000031 done
seed 3000032 done
seed 3000033 done
seed 3000034 done
seed 3000035 done
seed 3000036 done
seed 3000037 done
seed 3000038 done
seed 3000039 done
real default {"n_p": 1520, "rate05": 0.06973684210526315, "ci05_cluster": [0.05460526315789474, 0.0861842105263158], "rate01": 0.020394736842105264, "ci01_cluster": [0.01381578947368421, 0.026973684210526316], "mean_p": 0.48357565789473683}
real no_huber {"n_p": 1520, "rate05": 0.05197368421052632, "ci05_cluster": [0.0375, 0.06710526315789474], "rate01": 0.009210526315789473, "ci01_cluster": [0.003947368421052632, 0.01644736842105263], "mean_p": 0.4804592105263158}
swap default {"n_p": 2160, "rate05": 0.06018518518518518, "ci05_cluster": [0.04861111111111111, 0.07222222222222222], "rate01": 0.013425925925925926, "ci01_cluster": [0.00787037037037037, 0.01898148148148148], "mean_p": 0.49764583333333334}
swap no_huber {"n_p": 2160, "rate05": 0.05787037037037037, "ci05_cluster": [0.04398148148148148, 0.07268518518518519], "rate01": 0.011111111111111112, "ci01_cluster": [0.005555555555555556, 0.01712962962962963], "mean_p": 0.4932592592592593}
