/usr/local/bin/uv
Downloading cpython-3.12.14-linux-x86_64-gnu (download) (32.6MiB)
 Downloaded cpython-3.12.14-linux-x86_64-gnu (download)
Installed Python 3.12.14 in 1.72s
 + cpython-3.12.14-linux-x86_64-gnu (python3.12)
warning: `/root/.local/bin` is not on your PATH. To use installed Python executables, run `export PATH="/root/.local/bin:$PATH"` or `uv python update-shell`.
warning: The `--system` flag has no effect, `uv venv` always ignores virtual environments when finding a Python interpreter; did you mean `--no-managed-python`?
Using CPython 3.12.14
Creating virtual environment at: /tmp/xm_venv
Activate with: source /tmp/xm_venv/bin/activate
Python 3.12.14
Using Python 3.12.14 environment at: /tmp/xm_venv
Resolved 58 packages in 485ms
Downloading sympy (6.0MiB)
Downloading networkx (2.0MiB)
Downloading kiwisolver (1.4MiB)
Downloading setuptools (1.0MiB)
Downloading pandas (10.3MiB)
Downloading numpy (15.8MiB)
Downloading grpcio (6.7MiB)
Downloading matplotlib (9.6MiB)
Downloading pillow (6.6MiB)
Downloading xgboost (54.9MiB)
Downloading fonttools (4.8MiB)
Downloading scipy (33.7MiB)
Downloading tensorboard (5.3MiB)
Downloading tensorboard-data-server (6.3MiB)
Downloading cuda-bindings (11.6MiB)
Downloading llvmlite (57.1MiB)
Downloading scikit-learn (8.7MiB)
Downloading numba (3.7MiB)
Downloading statsmodels (11.5MiB)
Downloading nvidia-nccl-cu13 (291.0MiB)
 Downloaded setuptools
 Downloaded kiwisolver
 Downloaded networkx
 Downloaded numba
 Downloaded fonttools
 Downloaded tensorboard
 Downloaded sympy
 Downloaded tensorboard-data-server
 Downloaded pillow
 Downloaded grpcio
 Downloaded scikit-learn
 Downloaded matplotlib
 Downloaded pandas
 Downloaded cuda-bindings
 Downloaded statsmodels
 Downloaded numpy
 Downloaded scipy
 Downloaded llvmlite
 Downloaded xgboost
 Downloaded nvidia-nccl-cu13
Prepared 58 packages in 6.15s
Installed 58 packages in 178ms
 + absl-py==2.5.0
 + array-api-compat==1.15.0
 + causal-learn==0.1.4.8
 + cloudpickle==3.1.2
 + contourpy==1.3.3
 + cuda-bindings==12.9.4
 + cuda-pathfinder==1.3.4
 + cycler==0.12.1
 + dcor==0.7
 + farama-notifications==0.0.4
 + filelock==3.24.2
 + fonttools==4.63.0
 + formulaic==1.2.2
 + fsspec==2026.2.0
 + graphviz==0.21
 + grpcio==1.83.0
 + gymnasium==1.2.3
 + interface-meta==2.0.1
 + jinja2==3.1.6
 + joblib==1.6.0
 + kiwisolver==1.5.0
 + llvmlite==0.49.0
 + markdown==3.10.3
 + markupsafe==3.0.3
 + matplotlib==3.11.1
 + momentchi2==0.1.8
 + mpmath==1.3.0
 + narwhals==2.26.0
 + networkx==3.6.1
 + numba==0.67.0
 + numpy==2.4.2
 + nvidia-nccl-cu13==2.32.3
 + packaging==26.2
 + pandas==3.0.6
 + patsy==1.0.3
 + pillow==12.3.0
 + protobuf==7.35.1
 + pydot==4.0.1
 + pyparsing==3.3.2
 + python-dateutil==2.9.0.post0
 + pyyaml==6.0.3
 + scikit-learn==1.9.1
 + scipy==1.18.1
 + setuptools==81.0.0
 + shap==0.52.0
 + six==1.17.0
 + slicer==0.0.8
 + statsmodels==0.15.0
 + sympy==1.14.0
 + tensorboard==2.21.0
 + tensorboard-data-server==0.7.2
 + threadpoolctl==3.7.0
 + tigramite==5.2.10.1
 + tqdm==4.70.1
 + typing-extensions==4.15.0
 + werkzeug==3.1.8
 + wrapt==2.5.0
 + xgboost==3.4.1
Traceback (most recent call last):
  File "/root/.local/share/uv/python/cpython-3.12.14-linux-x86_64-gnu/lib/python3.12/importlib/metadata/__init__.py", line 397, in from_name
    return next(cls.discover(name=name))
           ^^^^^^^^^^^^^^^^^^^^^^^^^^^^^
StopIteration

During handling of the above exception, another exception occurred:

Traceback (most recent call last):
  File "<string>", line 1, in <module>
  File "/root/.local/share/uv/python/cpython-3.12.14-linux-x86_64-gnu/lib/python3.12/importlib/metadata/__init__.py", line 889, in version
    return distribution(distribution_name).version
           ^^^^^^^^^^^^^^^^^^^^^^^^^^^^^^^
  File "/root/.local/share/uv/python/cpython-3.12.14-linux-x86_64-gnu/lib/python3.12/importlib/metadata/__init__.py", line 862, in distribution
    return Distribution.from_name(distribution_name)
           ^^^^^^^^^^^^^^^^^^^^^^^^^^^^^^^^^^^^^^^^^
  File "/root/.local/share/uv/python/cpython-3.12.14-linux-x86_64-gnu/lib/python3.12/importlib/metadata/__init__.py", line 399, in from_name
    raise PackageNotFoundError(name)
importlib.metadata.PackageNotFoundError: No package metadata was found for torch
Using Python 3.12.14 environment at: /tmp/xm_venv
Resolved 1 package in 124ms
Downloading torch (180.2MiB)
 Downloaded torch
Prepared 1 package in 4.91s
Installed 1 package in 285ms
 + torch==2.10.0+cpu
4
400000 100000
