seed 3000000 (4 s)
seed 3000001 (9 s)
seed 3000002 (13 s)
seed 3000003 (17 s)
seed 3000004 (21 s)
seed 3000005 (25 s)
seed 3000006 (30 s)
seed 3000007 (34 s)
seed 3000008 (38 s)
seed 3000009 (42 s)
seed 3000010 (46 s)
seed 3000011 (50 s)
seed 3000012 (55 s)
seed 3000013 (59 s)
seed 3000014 (63 s)
seed 3000015 (68 s)
seed 3000016 (72 s)
seed 3000017 (76 s)
seed 3000018 (80 s)
seed 3000019 (84 s)
seed 3000020 (87 s)
seed 3000021 (90 s)
seed 3000022 (92 s)
seed 3000023 (95 s)
seed 3000024 (97 s)
seed 3000025 (100 s)
seed 3000026 (103 s)
seed 3000027 (106 s)
seed 3000028 (109 s)
seed 3000029 (111 s)
seed 3000030 (114 s)
seed 3000031 (117 s)
seed 3000032 (119 s)
seed 3000033 (122 s)
seed 3000034 (125 s)
seed 3000035 (127 s)
seed 3000036 (130 s)
seed 3000037 (133 s)
seed 3000038 (136 s)
seed 3000039 (138 s)
default {"rate05": 0.06973684210526315, "ci05": [0.05460526315789474, 0.0868421052631579], "rate01": 0.020394736842105264, "ci01": [0.014457236842105264, 0.026973684210526316], "sd_z": 1.0697406146802808, "kurt_z": 3.0091337743501905, "edge_t_max": 2.2827460571390383, "n_edges_abs_t_gt_3": 0}
conc_off {"rate05": 0.07236842105263158, "ci05": [0.05789473684210526, 0.0875], "rate01": 0.017763157894736842, "ci01": [0.010526315789473684, 0.026973684210526316], "sd_z": 1.0720403681561006, "kurt_z": 2.9912484191965034, "edge_t_max": 2.2055709484312267, "n_edges_abs_t_gt_3": 0}
hist_off {"rate05": 0.056578947368421055, "ci05": [0.04342105263157895, 0.07039473684210526], "rate01": 0.008552631578947369, "ci01": [0.004605263157894736, 0.013157894736842105], "sd_z": 1.0188452680113482, "kurt_z": 2.985603991627237, "edge_t_max": 2.278241747238037, "n_edges_abs_t_gt_3": 0}
lag_off {"rate05": 0.06644736842105263, "ci05": [0.05263157894736842, 0.08157894736842106], "rate01": 0.014473684210526316, "ci01": [0.009210526315789473, 0.019736842105263157], "sd_z": 1.0442793089774813, "kurt_z": 3.0612164155618586, "edge_t_max": 2.173170998654787, "n_edges_abs_t_gt_3": 0}
inv {"rate05": 0.06118421052631579, "ci05": [0.049342105263157895, 0.07434210526315789], "rate01": 0.007894736842105263, "ci01": [0.003947368421052632, 0.0125], "sd_z": 1.0238831672377433, "kurt_z": 2.990871190595539, "edge_t_max": 2.069773279745313, "n_edges_abs_t_gt_3": 0}
noclip {"rate05": 0.05197368421052632, "ci05": [0.0375, 0.06710526315789474], "rate01": 0.009210526315789473, "ci01": [0.003289473684210526, 0.01644736842105263], "sd_z": 1.0307523380906092, "kurt_z": 2.48279846453588, "edge_t_max": 2.6214437909199333, "n_edges_abs_t_gt_3": 0}
noclip_inv {"rate05": 0.05460526315789474, "ci05": [0.04208881578947368, 0.06907894736842106], "rate01": 0.005263157894736842, "ci01": [0.0013157894736842105, 0.009868421052631578], "sd_z": 1.0081213206896447, "kurt_z": 2.807052698292268, "edge_t_max": 2.1989299547907786, "n_edges_abs_t_gt_3": 0}
